// Jest Snapshot v1, https://goo.gl/fbAQLP

exports[`View Task Component Should render ViewTask component 1`] = `
<div>
  <div
    class="container"
  >
    <div
      class="mt-3 row"
    >
      <div
        class="col"
      >
        <h3>
          View Tasks
        </h3>
      </div>
    </div>
    <div
      class="row"
    >
      <div
        class="mt-3 col"
      >
        <div
          class="input-group"
        >
          <input
            class="form-control"
            name="project"
            readonly=""
            required=""
            value=""
          />
          <div
            class="input-group-append"
          >
            <button
              class="btn btn-outline-dark"
              type="button"
            >
              Search project
            </button>
          </div>
        </div>
      </div>
    </div>
    <div
      class="mt-3 mb-3 row"
    >
      <div
        class="col-sm-6 col-12"
      >
        Sort Task By:
        <button
          class="ml-2 btn btn-outline-dark"
          data-testid="sortStartDate"
          type="button"
        >
          Start Date
        </button>
        <button
          class="ml-2 btn btn-outline-dark"
          data-testid="sortEndDate"
          type="button"
        >
          End Date
        </button>
        <button
          class="ml-2 btn btn-outline-dark"
          data-testid="sortPriority"
          type="button"
        >
          Priority
        </button>
      </div>
    </div>
    <div
      class="fade alert alert-warning show"
      role="alert"
    >
      No task available for selected project, please select another project from the list
    </div>
  </div>
</div>
`;
