// Jest Snapshot v1, https://goo.gl/fbAQLP

exports[`Add Task Component Should render AddTask component 1`] = `
<div>
  <div
    class="container"
  >
    <div
      class="row"
    >
      <div
        class="mt-3 col"
      >
        <form>
          <div
            class="input-group"
          >
            <label
              class="modal-label form-label"
            />
            <input
              class="mb-2 mt-2 form-control"
              name="project"
              readonly=""
              required=""
              type="hidden"
              value=""
            />
            <div
              class="input-group-append"
            >
              <button
                class="btn btn-outline-primary"
                type="button"
              >
                Search Project
              </button>
            </div>
          </div>
          <div
            class="invalid-feedback"
          />
          <input
            class="mb-2 mt-2 form-control"
            name="taskName"
            placeholder="Task name"
            required=""
            value=""
          />
          <div
            class="invalid-feedback"
          />
          <div
            class="form-check"
          >
            <input
              class="form-check-input"
              name="isParentTask"
              type="checkbox"
              value="false"
            />
            <label
              class="form-check-label"
              title=""
            >
              Parent Task
            </label>
          </div>
          <label
            class="form-label"
          >
            Priority
          </label>
          <div
            class="touched-feedback"
          />
          <input
            class="mb-2 mt-2 form-control"
            max="30"
            min="0"
            name="priority"
            placeholder="priority"
            step="1"
            type="range"
            value=""
          />
          <div
            class="input-group"
          >
            <label
              class="modal-label form-label"
            />
            <input
              class="mb-2 mt-2 form-control"
              hidden=""
              name="parentTask"
              readonly=""
              value="[object Object]"
            />
            <div
              class="input-group-append"
            >
              <button
                class="btn btn-outline-primary"
                type="button"
              >
                Search Parent Task
              </button>
            </div>
          </div>
          <div
            class="invalid-feedback"
          />
          <input
            class="mb-2 mt-2 form-control"
            name="startDate"
            placeholder="Start Date"
            type="date"
            value="2019-12-13"
          />
          <div
            class="invalid-feedback"
          />
          <input
            class="mb-2 mt-2 form-control"
            name="endDate"
            placeholder="End Date"
            type="date"
            value="2019-12-14"
          />
          <div
            class="invalid-feedback"
          />
          <div
            class="input-group"
          >
            <label
              class="modal-label form-label"
            />
            <input
              class="mb-2 mt-2 form-control"
              hidden=""
              name="user"
              readonly=""
              value=""
            />
            <div
              class="input-group-append"
            >
              <button
                class="btn btn-outline-primary"
                type="button"
              >
                Search User
              </button>
            </div>
          </div>
          <div
            class="invalid-feedback"
          />
          <div
            class="float-right mt-4"
          >
            <button
              class="ml-2 mr-2 btn btn-primary"
              disabled=""
              type="submit"
            >
              Add
            </button>
            <button
              class="btn btn-outline-secondary"
              type="button"
            >
              Reset
            </button>
          </div>
        </form>
      </div>
    </div>
  </div>
</div>
`;
